
> home-service-backend@1.0.0 build
> tsc

src/automation/autoRefundThreshold.ts(743,5): error TS2322: Type 'unknown' is not assignable to type 'number'.
src/automation/autoRefundThreshold.ts(743,50): error TS2769: No overload matches this call.
  Overload 1 of 3, '(callbackfn: (previousValue: unknown, currentValue: unknown, currentIndex: number, array: unknown[]) => unknown, initialValue: unknown): unknown', gave the following error.
    Argument of type '(sum: number, count: number) => number' is not assignable to parameter of type '(previousValue: unknown, currentValue: unknown, currentIndex: number, array: unknown[]) => unknown'.
      Types of parameters 'sum' and 'previousValue' are incompatible.
        Type 'unknown' is not assignable to type 'number'.
  Overload 2 of 3, '(callbackfn: (previousValue: number, currentValue: unknown, currentIndex: number, array: unknown[]) => number, initialValue: number): number', gave the following error.
    Argument of type '(sum: number, count: number) => number' is not assignable to parameter of type '(previousValue: number, currentValue: unknown, currentIndex: number, array: unknown[]) => number'.
      Types of parameters 'count' and 'currentValue' are incompatible.
        Type 'unknown' is not assignable to type 'number'.
src/automation/firstBookingDiscount.ts(494,61): error TS2769: No overload matches this call.
  Overload 1 of 3, '(callbackfn: (previousValue: unknown, currentValue: unknown, currentIndex: number, array: unknown[]) => unknown, initialValue: unknown): unknown', gave the following error.
    Argument of type '(sum: number, count: number) => number' is not assignable to parameter of type '(previousValue: unknown, currentValue: unknown, currentIndex: number, array: unknown[]) => unknown'.
      Types of parameters 'sum' and 'previousValue' are incompatible.
        Type 'unknown' is not assignable to type 'number'.
  Overload 2 of 3, '(callbackfn: (previousValue: number, currentValue: unknown, currentIndex: number, array: unknown[]) => number, initialValue: number): number', gave the following error.
    Argument of type '(sum: number, count: number) => number' is not assignable to parameter of type '(previousValue: number, currentValue: unknown, currentIndex: number, array: unknown[]) => number'.
      Types of parameters 'count' and 'currentValue' are incompatible.
        Type 'unknown' is not assignable to type 'number'.
src/automation/firstBookingDiscount.ts(521,5): error TS2322: Type 'unknown' is not assignable to type 'number'.
src/automation/firstBookingDiscount.ts(524,16): error TS18046: 'totalGenerated' is of type 'unknown'.
src/automation/firstBookingDiscount.ts(524,50): error TS18046: 'totalGenerated' is of type 'unknown'.
src/automation/mediationAutoAssign.ts(396,12): error TS2749: 'Dispute' refers to a value, but is being used as a type here. Did you mean 'typeof Dispute'?
src/automation/mediationAutoAssign.ts(478,16): error TS2339: Property 'auditTrail' does not exist on type 'Document<unknown, {}, IMediatorAssignment, {}, {}> & IMediatorAssignment & Required<{ _id: ObjectId; }> & { ...; }'.
src/automation/mediationAutoAssign.ts(478,40): error TS2339: Property 'auditTrail' does not exist on type 'Document<unknown, {}, IMediatorAssignment, {}, {}> & IMediatorAssignment & Required<{ _id: ObjectId; }> & { ...; }'.
src/automation/mediationAutoAssign.ts(479,16): error TS2339: Property 'auditTrail' does not exist on type 'Document<unknown, {}, IMediatorAssignment, {}, {}> & IMediatorAssignment & Required<{ _id: ObjectId; }> & { ...; }'.
src/automation/mediationAutoAssign.ts(522,20): error TS2339: Property 'auditTrail' does not exist on type 'Document<unknown, {}, IMediatorAssignment, {}, {}> & IMediatorAssignment & Required<{ _id: ObjectId; }> & { ...; }'.
src/automation/mediationAutoAssign.ts(523,18): error TS2339: Property 'auditTrail' does not exist on type 'Document<unknown, {}, IMediatorAssignment, {}, {}> & IMediatorAssignment & Required<{ _id: ObjectId; }> & { ...; }'.
src/automation/mediationAutoAssign.ts(570,21): error TS2339: Property 'auditTrail' does not exist on type 'Document<unknown, {}, IMediatorAssignment, {}, {}> & IMediatorAssignment & Required<{ _id: ObjectId; }> & { ...; }'.
src/automation/mediationAutoAssign.ts(571,18): error TS2339: Property 'auditTrail' does not exist on type 'Document<unknown, {}, IMediatorAssignment, {}, {}> & IMediatorAssignment & Required<{ _id: ObjectId; }> & { ...; }'.
src/automation/mediationAutoAssign.ts(573,16): error TS2339: Property 'auditTrail' does not exist on type 'Document<unknown, {}, IMediatorAssignment, {}, {}> & IMediatorAssignment & Required<{ _id: ObjectId; }> & { ...; }'.
src/automation/mediationAutoAssign.ts(854,5): error TS2322: Type 'unknown' is not assignable to type 'number'.
src/automation/mediationAutoAssign.ts(854,54): error TS2769: No overload matches this call.
  Overload 1 of 3, '(callbackfn: (previousValue: unknown, currentValue: unknown, currentIndex: number, array: unknown[]) => unknown, initialValue: unknown): unknown', gave the following error.
    Argument of type '(sum: number, count: number) => number' is not assignable to parameter of type '(previousValue: unknown, currentValue: unknown, currentIndex: number, array: unknown[]) => unknown'.
      Types of parameters 'sum' and 'previousValue' are incompatible.
        Type 'unknown' is not assignable to type 'number'.
  Overload 2 of 3, '(callbackfn: (previousValue: number, currentValue: unknown, currentIndex: number, array: unknown[]) => number, initialValue: number): number', gave the following error.
    Argument of type '(sum: number, count: number) => number' is not assignable to parameter of type '(previousValue: number, currentValue: unknown, currentIndex: number, array: unknown[]) => number'.
      Types of parameters 'count' and 'currentValue' are incompatible.
        Type 'unknown' is not assignable to type 'number'.
src/automation/mediationAutoAssign.ts(861,36): error TS2571: Object is of type 'unknown'.
src/automation/mediationAutoAssign.ts(861,70): error TS2769: No overload matches this call.
  Overload 1 of 3, '(callbackfn: (previousValue: unknown, currentValue: unknown, currentIndex: number, array: unknown[]) => unknown, initialValue: unknown): unknown', gave the following error.
    Argument of type '(sum: number, c: number) => number' is not assignable to parameter of type '(previousValue: unknown, currentValue: unknown, currentIndex: number, array: unknown[]) => unknown'.
      Types of parameters 'sum' and 'previousValue' are incompatible.
        Type 'unknown' is not assignable to type 'number'.
  Overload 2 of 3, '(callbackfn: (previousValue: number, currentValue: unknown, currentIndex: number, array: unknown[]) => number, initialValue: number): number', gave the following error.
    Argument of type '(sum: number, c: number) => number' is not assignable to parameter of type '(previousValue: number, currentValue: unknown, currentIndex: number, array: unknown[]) => number'.
      Types of parameters 'c' and 'currentValue' are incompatible.
        Type 'unknown' is not assignable to type 'number'.
src/automation/mediationAutoAssign.ts(895,38): error TS2339: Property 'atRiskDisputes' does not exist on type '{ atRisk: number; breached: number; escalated: number; }'.
src/automation/negativeReviewRecovery.ts(642,48): error TS2769: No overload matches this call.
  Overload 1 of 3, '(callbackfn: (previousValue: unknown, currentValue: unknown, currentIndex: number, array: unknown[]) => unknown, initialValue: unknown): unknown', gave the following error.
    Argument of type '(sum: number, count: number) => number' is not assignable to parameter of type '(previousValue: unknown, currentValue: unknown, currentIndex: number, array: unknown[]) => unknown'.
      Types of parameters 'sum' and 'previousValue' are incompatible.
        Type 'unknown' is not assignable to type 'number'.
  Overload 2 of 3, '(callbackfn: (previousValue: number, currentValue: unknown, currentIndex: number, array: unknown[]) => number, initialValue: number): number', gave the following error.
    Argument of type '(sum: number, count: number) => number' is not assignable to parameter of type '(previousValue: number, currentValue: unknown, currentIndex: number, array: unknown[]) => number'.
      Types of parameters 'count' and 'currentValue' are incompatible.
        Type 'unknown' is not assignable to type 'number'.
src/automation/negativeReviewRecovery.ts(647,5): error TS2322: Type 'unknown' is not assignable to type 'number'.
src/automation/negativeReviewRecovery.ts(650,21): error TS18046: 'total' is of type 'unknown'.
src/automation/negativeReviewRecovery.ts(650,46): error TS18046: 'total' is of type 'unknown'.
src/automation/negativeReviewRecovery.ts(651,29): error TS18046: 'total' is of type 'unknown'.
src/automation/negativeReviewRecovery.ts(651,53): error TS18046: 'total' is of type 'unknown'.
src/automation/providerTrainingAcademy.ts(460,7): error TS2322: Type 'ITrainingProgress' is not assignable to type 'Document<unknown, {}, ITrainingProgress, {}, {}> & ITrainingProgress & Required<{ _id: ObjectId; }> & { __v: number; }'.
  Type 'ITrainingProgress' is not assignable to type 'Document<unknown, {}, ITrainingProgress, {}, {}>'.
    The types returned by 'toJSON()' are incompatible between these types.
      Type 'FlattenMaps<any> & Required<{ _id: unknown; }> & { __v: number; }' is not assignable to type 'FlattenMaps<ITrainingProgress> & Required<{ _id: ObjectId; }> & { __v: number; }'.
        Type 'FlattenMaps<any> & Required<{ _id: unknown; }> & { __v: number; }' is missing the following properties from type 'FlattenMaps<ITrainingProgress>': userId, moduleId, status, progress, and 58 more.
src/automation/providerTrainingAcademy.ts(463,5): error TS18047: 'progress' is possibly 'null'.
src/automation/providerTrainingAcademy.ts(466,7): error TS18047: 'progress' is possibly 'null'.
src/automation/providerTrainingAcademy.ts(467,7): error TS18047: 'progress' is possibly 'null'.
src/automation/providerTrainingAcademy.ts(470,11): error TS18047: 'progress' is possibly 'null'.
src/automation/providerTrainingAcademy.ts(471,5): error TS2322: Type '(Document<unknown, {}, ITrainingProgress, {}, {}> & ITrainingProgress & Required<{ _id: ObjectId; }> & { __v: number; }) | null' is not assignable to type 'ITrainingProgress'.
  Type 'null' is not assignable to type 'ITrainingProgress'.
src/automation/providerTrainingAcademy.ts(565,12): error TS2749: 'TrainingCertificate' refers to a value, but is being used as a type here. Did you mean 'typeof TrainingCertificate'?
src/automation/reviewRequestTiming.ts(599,5): error TS2322: Type 'unknown' is not assignable to type 'number'.
src/automation/reviewRequestTiming.ts(599,43): error TS2769: No overload matches this call.
  Overload 1 of 3, '(callbackfn: (previousValue: unknown, currentValue: unknown, currentIndex: number, array: unknown[]) => unknown, initialValue: unknown): unknown', gave the following error.
    Argument of type '(sum: number, count: number) => number' is not assignable to parameter of type '(previousValue: unknown, currentValue: unknown, currentIndex: number, array: unknown[]) => unknown'.
      Types of parameters 'sum' and 'previousValue' are incompatible.
        Type 'unknown' is not assignable to type 'number'.
  Overload 2 of 3, '(callbackfn: (previousValue: number, currentValue: unknown, currentIndex: number, array: unknown[]) => number, initialValue: number): number', gave the following error.
    Argument of type '(sum: number, count: number) => number' is not assignable to parameter of type '(previousValue: number, currentValue: unknown, currentIndex: number, array: unknown[]) => number'.
      Types of parameters 'count' and 'currentValue' are incompatible.
        Type 'unknown' is not assignable to type 'number'.
src/automation/welcomeEmailSequence.ts(301,38): error TS2339: Property 'discountCode' does not exist on type '{ day: number; subject: string; template: string; description: string; } | { day: number; subject: string; template: string; description: string; } | { day: number; subject: string; template: string; description: string; discountCode: string; discountValue: number; } | { ...; }'.
  Property 'discountCode' does not exist on type '{ day: number; subject: string; template: string; description: string; }'.
src/automation/welcomeEmailSequence.ts(302,39): error TS2339: Property 'discountValue' does not exist on type '{ day: number; subject: string; template: string; description: string; } | { day: number; subject: string; template: string; description: string; } | { day: number; subject: string; template: string; description: string; discountCode: string; discountValue: number; } | { ...; }'.
  Property 'discountValue' does not exist on type '{ day: number; subject: string; template: string; description: string; }'.
src/automation/winBackCampaign.ts(749,5): error TS2322: Type 'unknown' is not assignable to type 'number'.
src/automation/winBackCampaign.ts(749,52): error TS2769: No overload matches this call.
  Overload 1 of 3, '(callbackfn: (previousValue: unknown, currentValue: unknown, currentIndex: number, array: unknown[]) => unknown, initialValue: unknown): unknown', gave the following error.
    Argument of type '(sum: number, count: number) => number' is not assignable to parameter of type '(previousValue: unknown, currentValue: unknown, currentIndex: number, array: unknown[]) => unknown'.
      Types of parameters 'sum' and 'previousValue' are incompatible.
        Type 'unknown' is not assignable to type 'number'.
  Overload 2 of 3, '(callbackfn: (previousValue: number, currentValue: unknown, currentIndex: number, array: unknown[]) => number, initialValue: number): number', gave the following error.
    Argument of type '(sum: number, count: number) => number' is not assignable to parameter of type '(previousValue: number, currentValue: unknown, currentIndex: number, array: unknown[]) => number'.
      Types of parameters 'count' and 'currentValue' are incompatible.
        Type 'unknown' is not assignable to type 'number'.
src/automation/winBackCampaign.ts(754,45): error TS2571: Object is of type 'unknown'.
src/automation/winBackCampaign.ts(754,76): error TS2769: No overload matches this call.
  Overload 1 of 3, '(callbackfn: (previousValue: unknown, currentValue: unknown, currentIndex: number, array: unknown[]) => unknown, initialValue: unknown): unknown', gave the following error.
    Argument of type '(sum: number, count: number) => number' is not assignable to parameter of type '(previousValue: unknown, currentValue: unknown, currentIndex: number, array: unknown[]) => unknown'.
      Types of parameters 'sum' and 'previousValue' are incompatible.
        Type 'unknown' is not assignable to type 'number'.
  Overload 2 of 3, '(callbackfn: (previousValue: number, currentValue: unknown, currentIndex: number, array: unknown[]) => number, initialValue: number): number', gave the following error.
    Argument of type '(sum: number, count: number) => number' is not assignable to parameter of type '(previousValue: number, currentValue: unknown, currentIndex: number, array: unknown[]) => number'.
      Types of parameters 'count' and 'currentValue' are incompatible.
        Type 'unknown' is not assignable to type 'number'.
src/models/dispute.model.ts(758,17): error TS2339: Property 'isDeleted' does not exist on type '(FlattenMaps<any> & Required<{ _id: unknown; }> & { __v: number; }) | (FlattenMaps<any> & Required<{ _id: unknown; }> & { __v: number; })[]'.
  Property 'isDeleted' does not exist on type '(FlattenMaps<any> & Required<{ _id: unknown; }> & { __v: number; })[]'.
src/models/message.model.ts(448,21): error TS2352: Conversion of type 'Function' to type '{ sanitizeContent(c: string): string; }' may be a mistake because neither type sufficiently overlaps with the other. If this was intentional, convert the expression to 'unknown' first.
  Property 'sanitizeContent' is missing in type 'Function' but required in type '{ sanitizeContent(c: string): string; }'.
src/models/reviewDraft.model.ts(236,3): error TS2740: Type 'AddThisParameter<{}, Document<unknown, {}, FlatRecord<IReviewDraft>, {}, DefaultSchemaOptions> & FlatRecord<IReviewDraft> & Required<...> & { ...; }> & AnyObject' is missing the following properties from type 'IReviewDraft': userId, userType, bookingId, isComplete, and 65 more.
src/routes/ai.routes.ts(178,70): error TS2554: Expected 1 arguments, but got 2.
src/routes/ai.routes.ts(178,83): error TS7030: Not all code paths return a value.
src/routes/analytics/customer.routes.ts(40,5): error TS2345: Argument of type 'string | ParsedQs | (string | ParsedQs)[]' is not assignable to parameter of type 'string | undefined'.
  Type 'ParsedQs' is not assignable to type 'string'.
src/routes/analytics/customer.routes.ts(73,5): error TS2345: Argument of type 'string | ParsedQs | (string | ParsedQs)[]' is not assignable to parameter of type 'string | undefined'.
  Type 'ParsedQs' is not assignable to type 'string'.
src/routes/analytics/customer.routes.ts(106,5): error TS2345: Argument of type 'string | ParsedQs | (string | ParsedQs)[]' is not assignable to parameter of type 'string | undefined'.
  Type 'ParsedQs' is not assignable to type 'string'.
src/routes/analytics/provider.routes.ts(55,5): error TS2345: Argument of type 'string | ParsedQs | (string | ParsedQs)[]' is not assignable to parameter of type 'string | undefined'.
  Type 'ParsedQs' is not assignable to type 'string'.
src/routes/analytics/provider.routes.ts(88,5): error TS2345: Argument of type 'string | ParsedQs | (string | ParsedQs)[]' is not assignable to parameter of type 'string | undefined'.
  Type 'ParsedQs' is not assignable to type 'string'.
src/routes/analytics/provider.routes.ts(121,5): error TS2345: Argument of type 'string | ParsedQs | (string | ParsedQs)[]' is not assignable to parameter of type 'string | undefined'.
  Type 'ParsedQs' is not assignable to type 'string'.
src/routes/analytics/provider.routes.ts(182,5): error TS2345: Argument of type 'string | ParsedQs | (string | ParsedQs)[]' is not assignable to parameter of type 'string | undefined'.
  Type 'ParsedQs' is not assignable to type 'string'.
src/routes/analytics/provider.routes.ts(215,62): error TS2345: Argument of type 'string | ParsedQs | (string | ParsedQs)[]' is not assignable to parameter of type 'string | undefined'.
  Type 'ParsedQs' is not assignable to type 'string'.
src/routes/analytics/provider.routes.ts(216,66): error TS2345: Argument of type 'string | ParsedQs | (string | ParsedQs)[]' is not assignable to parameter of type 'string | undefined'.
  Type 'ParsedQs' is not assignable to type 'string'.
src/routes/analytics/provider.routes.ts(217,50): error TS2345: Argument of type 'string | ParsedQs | (string | ParsedQs)[]' is not assignable to parameter of type 'string | undefined'.
  Type 'ParsedQs' is not assignable to type 'string'.
src/routes/analytics/provider.routes.ts(219,64): error TS2345: Argument of type 'string | ParsedQs | (string | ParsedQs)[]' is not assignable to parameter of type 'string | undefined'.
  Type 'ParsedQs' is not assignable to type 'string'.
src/routes/automation.routes.ts(183,15): error TS2345: Argument of type '("provider" | "admin" | "support" | "super_admin")[]' is not assignable to parameter of type 'UserRole | UserRole[]'.
  Type '("provider" | "admin" | "support" | "super_admin")[]' is not assignable to type 'UserRole[]'.
    Type '"provider" | "admin" | "support" | "super_admin"' is not assignable to type 'UserRole'.
      Type '"support"' is not assignable to type 'UserRole'.
src/routes/dispute.routes.ts(160,31): error TS7030: Not all code paths return a value.
src/routes/dispute.routes.ts(178,35): error TS7030: Not all code paths return a value.
src/services/activityAuditLog.service.ts(86,11): error TS2320: Interface 'IActivityLog' cannot simultaneously extend types 'Document<ObjectId, any, any, Record<string, any>, {}>' and 'ActivityLog'.
  Named property '_id' of types 'Document<ObjectId, any, any, Record<string, any>, {}>' and 'ActivityLog' are not identical.
src/services/activityAuditLog.service.ts(251,7): error TS1117: An object literal cannot have multiple properties with the same name.
src/services/activityAuditLog.service.ts(266,7): error TS2322: Type 'string' is not assignable to type 'ObjectId'.
src/services/apiAccessPricing.service.ts(528,13): error TS7006: Parameter 'e' implicitly has an 'any' type.
src/services/apiAccessPricing.service.ts(539,46): error TS7006: Parameter 'a' implicitly has an 'any' type.
src/services/apiAccessPricing.service.ts(539,49): error TS7006: Parameter 'b' implicitly has an 'any' type.
src/services/apiAccessPricing.service.ts(778,26): error TS2339: Property 'save' does not exist on type 'ApiSubscription'.
src/services/backgroundCheck.service.ts(176,9): error TS2322: Type 'null' is not assignable to type '{ verified: boolean; score: number; details: string; documents?: { type: string; url: string; verified: boolean; }[] | undefined; } | undefined'.
src/services/backgroundCheck.service.ts(203,5): error TS2322: Type '{ providerId: string; providerName: string; providerEmail: string; providerPhone: string; type: "address" | "identity" | "criminal" | "employment" | "education" | "financial"; status: "pending"; ... 5 more ...; id: string; }' is not assignable to type 'BackgroundCheck'.
  Types of property 'requestDate' are incompatible.
    Type 'Date' is not assignable to type 'string'.
src/services/backgroundCheck.service.ts(416,11): error TS2322: Type '"address" | "identity" | "criminal" | "employment" | "education" | "financial" | "reference"' is not assignable to type '"address" | "identity" | "criminal" | "employment" | "education" | "financial"'.
  Type '"reference"' is not assignable to type '"address" | "identity" | "criminal" | "employment" | "education" | "financial"'.
src/services/backgroundCheck.service.ts(559,5): error TS2322: Type 'null' is not assignable to type '{ verified: boolean; score: number; details: string; documents?: { type: string; url: string; verified: boolean; }[] | undefined; } | undefined'.
src/services/backgroundCheck.service.ts(565,42): error TS2345: Argument of type '"address" | "identity" | "criminal" | "employment" | "education" | "financial" | "reference"' is not assignable to parameter of type '"address" | "identity" | "criminal" | "employment" | "education" | "financial"'.
  Type '"reference"' is not assignable to type '"address" | "identity" | "criminal" | "employment" | "education" | "financial"'.
src/services/backgroundCheck.service.ts(575,7): error TS2322: Type '"address" | "identity" | "criminal" | "employment" | "education" | "financial" | "reference"' is not assignable to type '"address" | "identity" | "criminal" | "employment" | "education" | "financial"'.
  Type '"reference"' is not assignable to type '"address" | "identity" | "criminal" | "employment" | "education" | "financial"'.
src/services/backgroundCheck.service.ts(620,7): error TS2322: Type '"address" | "identity" | "criminal" | "employment" | "education" | "financial" | "reference"' is not assignable to type '"address" | "identity" | "criminal" | "employment" | "education" | "financial"'.
  Type '"reference"' is not assignable to type '"address" | "identity" | "criminal" | "employment" | "education" | "financial"'.
src/services/backgroundCheck.service.ts(649,7): error TS2322: Type '"address" | "identity" | "criminal" | "employment" | "education" | "financial" | "reference"' is not assignable to type '"address" | "identity" | "criminal" | "employment" | "education" | "financial"'.
  Type '"reference"' is not assignable to type '"address" | "identity" | "criminal" | "employment" | "education" | "financial"'.
src/services/bankVerification.service.ts(525,32): error TS2769: No overload matches this call.
  Overload 1 of 4, '(value: string | number | Date): Date', gave the following error.
    Argument of type 'unknown' is not assignable to parameter of type 'string | number | Date'.
  Overload 2 of 4, '(value: string | number): Date', gave the following error.
    Argument of type 'unknown' is not assignable to parameter of type 'string | number'.
src/services/bankVerification.service.ts(538,57): error TS18046: 'stats.dailyUsed' is of type 'unknown'.
src/services/bankVerification.service.ts(539,61): error TS18046: 'stats.monthlyUsed' is of type 'unknown'.
src/services/bankVerification.service.ts(783,25): error TS2538: Type '{}' cannot be used as an index type.
src/services/bankVerification.service.ts(783,54): error TS2538: Type '{}' cannot be used as an index type.
src/services/bankVerification.service.ts(784,29): error TS2538: Type '{}' cannot be used as an index type.
src/services/batchBooking.service.ts(59,12): error TS18004: No value exists in scope for the shorthand property 'valid'. Either declare one or provide an initializer.
src/services/batchBooking.service.ts(59,19): error TS18004: No value exists in scope for the shorthand property 'invalid'. Either declare one or provide an initializer.
src/services/batchBooking.service.ts(471,9): error TS2322: Type '"pending" | "not_applicable"' is not assignable to type '"pending" | "failed" | "processed"'.
  Type '"not_applicable"' is not assignable to type '"pending" | "failed" | "processed"'.
src/services/behavioralAnalysis.service.ts(507,37): error TS18046: 'user.behavioralMetrics.length' is of type 'unknown'.
src/services/behavioralAnalysis.service.ts(512,28): error TS18046: 'user.behavioralMetrics.slice' is of type 'unknown'.
src/services/behavioralAnalysis.service.ts(516,45): error TS7006: Parameter 'a' implicitly has an 'any' type.
src/services/behavioralAnalysis.service.ts(516,48): error TS7006: Parameter 'b' implicitly has an 'any' type.
src/services/betaFeaturesAccess.service.ts(96,11): error TS2320: Interface 'IBetaFeature' cannot simultaneously extend types 'Document<ObjectId, any, any, Record<string, any>, {}>' and 'BetaFeature'.
  Named property '_id' of types 'Document<ObjectId, any, any, Record<string, any>, {}>' and 'BetaFeature' are not identical.
src/services/betaFeaturesAccess.service.ts(97,11): error TS2320: Interface 'IProviderBetaAccess' cannot simultaneously extend types 'Document<ObjectId, any, any, Record<string, any>, {}>' and 'ProviderBetaAccess'.
  Named property '_id' of types 'Document<ObjectId, any, any, Record<string, any>, {}>' and 'ProviderBetaAccess' are not identical.
src/services/betaFeaturesAccess.service.ts(98,11): error TS2320: Interface 'IBetaFeedback' cannot simultaneously extend types 'Document<ObjectId, any, any, Record<string, any>, {}>' and 'BetaFeedback'.
  Named property '_id' of types 'Document<ObjectId, any, any, Record<string, any>, {}>' and 'BetaFeedback' are not identical.
src/services/bookingDeposit.service.ts(357,5): error TS2739: Type '{}' is missing the following properties from type '{ performedBy: "customer" | "provider" | "admin" | "system"; reason: string; percentage?: number | undefined; }': performedBy, reason
src/services/bookingRingDetection.service.ts(395,26): error TS18048: 'booking.serviceDateTime' is possibly 'undefined'.
src/services/bookingRingDetection.service.ts(396,26): error TS18048: 'booking.serviceDateTime' is possibly 'undefined'.
src/services/bookingRingDetection.service.ts(401,13): error TS18048: 'overlap.customerId' is possibly 'undefined'.
src/services/bookingRingDetection.service.ts(404,23): error TS18048: 'overlap.customerId' is possibly 'undefined'.
src/services/bookingRingDetection.service.ts(649,62): error TS18048: 'b.serviceDateTime' is possibly 'undefined'.
src/services/bookingRingDetection.service.ts(650,62): error TS18048: 'b.serviceDateTime' is possibly 'undefined'.
src/services/bookingRingDetection.service.ts(658,63): error TS18048: 'b.customerId' is possibly 'undefined'.
src/services/bookingRingDetection.service.ts(700,68): error TS18048: 'b.customerId' is possibly 'undefined'.
src/services/bookingRingDetection.service.ts(752,15): error TS2339: Property 'fraudFlags' does not exist on type 'Document<unknown, {}, ICustomerMetrics, {}, {}> & ICustomerMetrics & Required<{ _id: ObjectId; }> & { __v: number; }'.
src/services/breachCheck.service.ts(354,15): error TS2339: Property 'securityFlags' does not exist on type 'Document<unknown, {}, ICustomerMetrics, {}, {}> & ICustomerMetrics & Required<{ _id: ObjectId; }> & { __v: number; }'.
src/services/breachCheck.service.ts(362,15): error TS2339: Property 'passwordCompromised' does not exist on type 'Document<unknown, {}, ICustomerMetrics, {}, {}> & ICustomerMetrics & Required<{ _id: ObjectId; }> & { __v: number; }'.
src/services/breachCheck.service.ts(402,28): error TS2339: Property 'securityFlags' does not exist on type 'Document<unknown, {}, ICustomerMetrics, {}, {}> & ICustomerMetrics & Required<{ _id: ObjectId; }> & { __v: number; }'.
src/services/breachCheck.service.ts(403,10): error TS7006: Parameter 'f' implicitly has an 'any' type.
src/services/breachCheck.service.ts(411,15): error TS2339: Property 'passwordCompromised' does not exist on type 'Document<unknown, {}, ICustomerMetrics, {}, {}> & ICustomerMetrics & Required<{ _id: ObjectId; }> & { __v: number; }'.
src/services/bulkDiscount.service.ts(208,7): error TS2322: Type 'VolumeTier | null' is not assignable to type 'VolumeTier | undefined'.
  Type 'null' is not assignable to type 'VolumeTier | undefined'.
src/services/bulkDiscount.service.ts(209,7): error TS2322: Type 'VolumeTier | null' is not assignable to type 'VolumeTier | undefined'.
  Type 'null' is not assignable to type 'VolumeTier | undefined'.
src/services/bulkUpload.service.ts(6,10): error TS2724: '"../models/service.model"' has no exported member named 'Service'. Did you mean 'IService'?
src/services/bulkUpload.service.ts(7,37): error TS2307: Cannot find module '../models/provider.model' or its corresponding type declarations.
src/services/bulkUpload.service.ts(8,37): error TS2307: Cannot find module '../models/category.model' or its corresponding type declarations.
src/services/bulkUpload.service.ts(9,10): error TS2614: Module '"./auditLog.service"' has no exported member 'auditLogService'. Did you mean to use 'import auditLogService from "./auditLog.service"' instead?
src/services/bulkUpload.service.ts(315,47): error TS7006: Parameter 'c' implicitly has an 'any' type.
src/services/bulkUpload.service.ts(320,27): error TS7006: Parameter 's' implicitly has an 'any' type.
src/services/bulkUpload.service.ts(323,27): error TS7006: Parameter 's' implicitly has an 'any' type.
src/services/bulkUpload.service.ts(334,7): error TS2345: Argument of type 'Set<unknown>' is not assignable to parameter of type 'Set<string>'.
  Type 'unknown' is not assignable to type 'string'.
src/services/bulkUpload.service.ts(355,27): error TS2339: Property 'name' does not exist on type '{}'.
src/services/bulkUpload.service.ts(356,27): error TS2339: Property 'description' does not exist on type '{}'.
src/services/bulkUpload.service.ts(357,27): error TS2339: Property 'category' does not exist on type '{}'.
src/services/bulkUpload.service.ts(358,27): error TS2339: Property 'price' does not exist on type '{}'.
src/services/bulkUpload.service.ts(363,27): error TS2339: Property 'duration' does not exist on type '{}'.
src/services/bulkUpload.service.ts(364,27): error TS2339: Property 'isActive' does not exist on type '{}'.
src/services/bulkUpload.service.ts(366,33): error TS2339: Property 'save' does not exist on type '{}'.
src/services/bulkUpload.service.ts(367,50): error TS2339: Property '_id' does not exist on type '{}'.
src/services/bulkUpload.service.ts(497,47): error TS7006: Parameter 'c' implicitly has an 'any' type.
src/services/bulkUpload.service.ts(502,27): error TS7006: Parameter 's' implicitly has an 'any' type.
src/services/bulkUpload.service.ts(508,53): error TS2345: Argument of type 'Set<unknown>' is not assignable to parameter of type 'Set<string>'.
  Type 'unknown' is not assignable to type 'string'.
src/services/bundleBooking.service.ts(93,21): error TS2554: Expected 1 arguments, but got 0.
src/services/bundleBooking.service.ts(105,3): error TS2554: Expected 2 arguments, but got 1.
src/services/bundleBooking.service.ts(147,3): error TS2740: Type 'Document<unknown, {}, IUser, {}, {}> & IUser & Required<{ _id: ObjectId; }> & { __v: number; }' is missing the following properties from type 'Model<IUser, {}, {}, {}, Document<unknown, {}, IUser, {}, {}> & IUser & Required<{ _id: ObjectId; }> & { __v: number; }, any>': aggregate, base, castObject, applyDefaults, and 60 more.
src/services/bundleBooking.service.ts(290,16): error TS2367: This comparison appears to be unintentional because the types 'string' and 'ObjectId' have no overlap.
src/services/bundleBooking.service.ts(294,16): error TS2367: This comparison appears to be unintentional because the types 'string' and 'ObjectId' have no overlap.
src/services/bundleBooking.service.ts(317,31): error TS2339: Property 'firstName' does not exist on type 'Model<IUser, {}, {}, {}, Document<unknown, {}, IUser, {}, {}> & IUser & Required<{ _id: ObjectId; }> & { __v: number; }, any>'.
src/services/bundleBooking.service.ts(318,30): error TS2339: Property 'lastName' does not exist on type 'Model<IUser, {}, {}, {}, Document<unknown, {}, IUser, {}, {}> & IUser & Required<{ _id: ObjectId; }> & { __v: number; }, any>'.
src/services/bundleBooking.service.ts(319,27): error TS2339: Property 'email' does not exist on type 'Model<IUser, {}, {}, {}, Document<unknown, {}, IUser, {}, {}> & IUser & Required<{ _id: ObjectId; }> & { __v: number; }, any>'.
src/services/bundleBooking.service.ts(320,27): error TS2339: Property 'phone' does not exist on type 'Model<IUser, {}, {}, {}, Document<unknown, {}, IUser, {}, {}> & IUser & Required<{ _id: ObjectId; }> & { __v: number; }, any>'.
src/services/bundleBooking.service.ts(492,9): error TS2322: Type 'ObjectId' is not assignable to type 'string'.
src/services/bundleBooking.service.ts(617,33): error TS2345: Argument of type '{ bookingId: ObjectId; serviceId: ObjectId; serviceName: string; quantity: number; originalPrice: number; scheduledDate: string; scheduledTime?: string | undefined; status: string; usedAt: Date | null; }' is not assignable to parameter of type 'IBundleBookingService'.
  Types of property 'status' are incompatible.
    Type 'string' is not assignable to type '"pending" | "confirmed" | "in_progress" | "completed" | "cancelled"'.
src/services/bundleBooking.service.ts(683,15): error TS2551: Property 'cancellationReason' does not exist on type 'Document<unknown, {}, IBooking, {}, {}> & IBooking & Required<{ _id: ObjectId; }> & { __v: number; }'. Did you mean 'cancellationDetails'?
src/services/bundleSales.service.ts(542,7): error TS2322: Type '{ name: string; count: number; revenue: number; bundleId: string; bundleName: string; }[]' is not assignable to type '{ bundleId: string; bundleName: string; bookingCount: number; revenue: number; }[]'.
  Property 'bookingCount' is missing in type '{ name: string; count: number; revenue: number; bundleId: string; bundleName: string; }' but required in type '{ bundleId: string; bundleName: string; bookingCount: number; revenue: number; }'.
src/services/bundleSales.service.ts(543,7): error TS2322: Type '{ name: string; bundles: number; bookings: number; }[]' is not assignable to type '{ categoryId: string; categoryName: string; bundleCount: number; bookingCount: number; }[]'.
  Type '{ name: string; bundles: number; bookings: number; }' is missing the following properties from type '{ categoryId: string; categoryName: string; bundleCount: number; bookingCount: number; }': categoryId, categoryName, bundleCount, bookingCount
src/services/callbackRequest.service.ts(470,7): error TS7053: Element implicitly has an 'any' type because expression of type 'CallbackStatus' can't be used to index type '{ total: number; pending: number; scheduled: number; completed: number; cancelled: number; noAnswer: number; avgDuration: number; byCategory: Record<string, number>; }'.
  Property 'in_progress' does not exist on type '{ total: number; pending: number; scheduled: number; completed: number; cancelled: number; noAnswer: number; avgDuration: number; byCategory: Record<string, number>; }'.
src/services/cancellationInsurance.service.ts(699,36): error TS7006: Parameter 'p' implicitly has an 'any' type.
src/services/chargebackPrediction.service.ts(216,9): error TS2322: Type '"history"' is not assignable to type '"payment" | "transaction" | "behavioral" | "account"'.
src/services/chargebackPrediction.service.ts(232,9): error TS2322: Type '"history"' is not assignable to type '"payment" | "transaction" | "behavioral" | "account"'.
src/services/chargebackPrediction.service.ts(243,9): error TS2322: Type '"history"' is not assignable to type '"payment" | "transaction" | "behavioral" | "account"'.
src/services/chargebackPrediction.service.ts(429,9): error TS2322: Type '"velocity"' is not assignable to type '"payment" | "transaction" | "behavioral" | "account"'.
src/services/chargebackPrediction.service.ts(446,9): error TS2322: Type '"velocity"' is not assignable to type '"payment" | "transaction" | "behavioral" | "account"'.
src/services/chargebackPrediction.service.ts(490,49): error TS2367: This comparison appears to be unintentional because the types '"payment" | "transaction" | "behavioral" | "account"' and '"velocity"' have no overlap.
src/services/chat.service.ts(99,19): error TS2551: Property 'isParticipant' does not exist on type 'Document<unknown, {}, IChatRoom, {}, {}> & IChatRoom & Required<{ _id: ObjectId; }> & { __v: number; }'. Did you mean 'participants'?
src/services/chat.service.ts(172,20): error TS2339: Property 'updateLastMessage' does not exist on type 'Model<IChatRoom, {}, {}, {}, Document<unknown, {}, IChatRoom, {}, {}> & IChatRoom & Required<{ _id: ObjectId; }> & { ...; }, any>'.
src/services/chat.service.ts(225,19): error TS2551: Property 'isParticipant' does not exist on type 'Document<unknown, {}, IChatRoom, {}, {}> & IChatRoom & Required<{ _id: ObjectId; }> & { __v: number; }'. Did you mean 'participants'?
src/services/chat.service.ts(267,7): error TS2322: Type '(FlattenMaps<IMessage> & Required<{ _id: ObjectId; }> & { __v: number; })[]' is not assignable to type 'IMessage[]'.
  Type 'FlattenMaps<IMessage> & Required<{ _id: ObjectId; }> & { __v: number; }' is not assignable to type 'IMessage'.
    The types of 'collection.conn.db' are incompatible between these types.
      Type 'FlattenMaps<Db> | undefined' is not assignable to type 'Db | undefined'.
        Type 'FlattenMaps<Db>' is not assignable to type 'Db'.
          Types of property 'client' are incompatible.
            Type 'FlattenMaps<MongoClient>' is missing the following properties from type 'MongoClient': driverInfoList, _close
src/services/chat.service.ts(296,19): error TS2551: Property 'isParticipant' does not exist on type 'Document<unknown, {}, IChatRoom, {}, {}> & IChatRoom & Required<{ _id: ObjectId; }> & { __v: number; }'. Did you mean 'participants'?
src/services/chat.service.ts(528,37): error TS2339: Property 'findOrCreateDirectChat' does not exist on type 'Model<IChatRoom, {}, {}, {}, Document<unknown, {}, IChatRoom, {}, {}> & IChatRoom & Required<{ _id: ObjectId; }> & { ...; }, any>'.
src/services/chat.service.ts(557,37): error TS2339: Property 'findOrCreateBookingChat' does not exist on type 'Model<IChatRoom, {}, {}, {}, Document<unknown, {}, IChatRoom, {}, {}> & IChatRoom & Required<{ _id: ObjectId; }> & { ...; }, any>'.
src/services/chat.service.ts(583,19): error TS2551: Property 'isParticipant' does not exist on type 'Document<unknown, {}, IChatRoom, {}, {}> & IChatRoom & Required<{ _id: ObjectId; }> & { __v: number; }'. Did you mean 'participants'?
src/services/chat.service.ts(608,19): error TS2551: Property 'isParticipant' does not exist on type 'Document<unknown, {}, IChatRoom, {}, {}> & IChatRoom & Required<{ _id: ObjectId; }> & { __v: number; }'. Did you mean 'participants'?
src/services/chat.service.ts(652,19): error TS2551: Property 'isParticipant' does not exist on type 'Document<unknown, {}, IChatRoom, {}, {}> & IChatRoom & Required<{ _id: ObjectId; }> & { __v: number; }'. Did you mean 'participants'?
src/services/chat.service.ts(668,21): error TS2339: Property 'getTotalUnreadCount' does not exist on type 'Model<IChatRoom, {}, {}, {}, Document<unknown, {}, IChatRoom, {}, {}> & IChatRoom & Required<{ _id: ObjectId; }> & { ...; }, any>'.
src/services/chat.service.ts(701,46): error TS2345: Argument of type '"message:read"' is not assignable to parameter of type 'keyof ServerToClientEvents'.
src/services/chat.service.ts(716,46): error TS2345: Argument of type '"message:deleted"' is not assignable to parameter of type 'keyof ServerToClientEvents'.
src/services/chatAnalytics.service.ts(503,30): error TS2769: No overload matches this call.
  Overload 1 of 2, '(pipeline?: PipelineStage[] | undefined, options?: AggregateOptions | undefined): Aggregate<DailyChatStats[]>', gave the following error.
    Argument of type '({ $match: Record<string, unknown>; $group?: undefined; $project?: undefined; $sort?: undefined; } | { $group: { _id: { $dateToString: { format: string; date: string; }; }; totalMessages: { $sum: number; }; uniqueUsers: { ...; }; uniqueConversations: { ...; }; }; $match?: undefined; $project?: undefined; $sort?: und...' is not assignable to parameter of type 'PipelineStage[]'.
      Type '{ $match: Record<string, unknown>; $group?: undefined; $project?: undefined; $sort?: undefined; } | { $group: { _id: { $dateToString: { format: string; date: string; }; }; totalMessages: { $sum: number; }; uniqueUsers: { ...; }; uniqueConversations: { ...; }; }; $match?: undefined; $project?: undefined; $sort?: unde...' is not assignable to type 'PipelineStage'.
        Type '{ $sort: { date: number; }; $match?: undefined; $group?: undefined; $project?: undefined; }' is not assignable to type 'PipelineStage'.
          Type '{ $sort: { date: number; }; $match?: undefined; $group?: undefined; $project?: undefined; }' is not assignable to type 'Sort'.
            Types of property '$sort' are incompatible.
              Type '{ date: number; }' is not assignable to type 'Record<string, 1 | -1 | Meta>'.
                Property 'date' is incompatible with index signature.
                  Type 'number' is not assignable to type '1 | -1 | Meta'.
  Overload 2 of 2, '(pipeline: PipelineStage[]): Aggregate<DailyChatStats[]>', gave the following error.
    Argument of type '({ $match: Record<string, unknown>; $group?: undefined; $project?: undefined; $sort?: undefined; } | { $group: { _id: { $dateToString: { format: string; date: string; }; }; totalMessages: { $sum: number; }; uniqueUsers: { ...; }; uniqueConversations: { ...; }; }; $match?: undefined; $project?: undefined; $sort?: und...' is not assignable to parameter of type 'PipelineStage[]'.
      Type '{ $match: Record<string, unknown>; $group?: undefined; $project?: undefined; $sort?: undefined; } | { $group: { _id: { $dateToString: { format: string; date: string; }; }; totalMessages: { $sum: number; }; uniqueUsers: { ...; }; uniqueConversations: { ...; }; }; $match?: undefined; $project?: undefined; $sort?: unde...' is not assignable to type 'PipelineStage'.
        Type '{ $sort: { date: number; }; $match?: undefined; $group?: undefined; $project?: undefined; }' is not assignable to type 'PipelineStage'.
          Type '{ $sort: { date: number; }; $match?: undefined; $group?: undefined; $project?: undefined; }' is not assignable to type 'Sort'.
            Types of property '$sort' are incompatible.
              Type '{ date: number; }' is not assignable to type 'Record<string, 1 | -1 | Meta>'.
                Property 'date' is incompatible with index signature.
                  Type 'number' is not assignable to type '1 | -1 | Meta'.
src/services/chatAnalytics.service.ts(542,30): error TS2769: No overload matches this call.
  Overload 1 of 2, '(pipeline?: PipelineStage[] | undefined, options?: AggregateOptions | undefined): Aggregate<{ hour: number; count: number; }[]>', gave the following error.
    Argument of type '({ $match: { isDeleted: boolean; createdAt: { $gte: Date; $lte: Date; }; }; $group?: undefined; $project?: undefined; $sort?: undefined; } | { $group: { _id: { $hour: string; }; count: { $sum: number; }; }; $match?: undefined; $project?: undefined; $sort?: undefined; } | { ...; } | { ...; })[]' is not assignable to parameter of type 'PipelineStage[]'.
      Type '{ $match: { isDeleted: boolean; createdAt: { $gte: Date; $lte: Date; }; }; $group?: undefined; $project?: undefined; $sort?: undefined; } | { $group: { _id: { $hour: string; }; count: { $sum: number; }; }; $match?: undefined; $project?: undefined; $sort?: undefined; } | { ...; } | { ...; }' is not assignable to type 'PipelineStage'.
        Type '{ $sort: { hour: number; }; $match?: undefined; $group?: undefined; $project?: undefined; }' is not assignable to type 'PipelineStage'.
          Type '{ $sort: { hour: number; }; $match?: undefined; $group?: undefined; $project?: undefined; }' is not assignable to type 'Sort'.
            Types of property '$sort' are incompatible.
              Type '{ hour: number; }' is not assignable to type 'Record<string, 1 | -1 | Meta>'.
                Property 'hour' is incompatible with index signature.
                  Type 'number' is not assignable to type '1 | -1 | Meta'.
  Overload 2 of 2, '(pipeline: PipelineStage[]): Aggregate<{ hour: number; count: number; }[]>', gave the following error.
    Argument of type '({ $match: { isDeleted: boolean; createdAt: { $gte: Date; $lte: Date; }; }; $group?: undefined; $project?: undefined; $sort?: undefined; } | { $group: { _id: { $hour: string; }; count: { $sum: number; }; }; $match?: undefined; $project?: undefined; $sort?: undefined; } | { ...; } | { ...; })[]' is not assignable to parameter of type 'PipelineStage[]'.
      Type '{ $match: { isDeleted: boolean; createdAt: { $gte: Date; $lte: Date; }; }; $group?: undefined; $project?: undefined; $sort?: undefined; } | { $group: { _id: { $hour: string; }; count: { $sum: number; }; }; $match?: undefined; $project?: undefined; $sort?: undefined; } | { ...; } | { ...; }' is not assignable to type 'PipelineStage'.
        Type '{ $sort: { hour: number; }; $match?: undefined; $group?: undefined; $project?: undefined; }' is not assignable to type 'PipelineStage'.
          Type '{ $sort: { hour: number; }; $match?: undefined; $group?: undefined; $project?: undefined; }' is not assignable to type 'Sort'.
            Types of property '$sort' are incompatible.
              Type '{ hour: number; }' is not assignable to type 'Record<string, 1 | -1 | Meta>'.
                Property 'hour' is incompatible with index signature.
                  Type 'number' is not assignable to type '1 | -1 | Meta'.
src/services/chatAnalytics.service.ts(591,50): error TS2769: No overload matches this call.
  Overload 1 of 2, '(pipeline?: PipelineStage[] | undefined, options?: AggregateOptions | undefined): Aggregate<any[]>', gave the following error.
    Argument of type '({ $match: { chatRoomId: ObjectId; isDeleted: boolean; }; $group?: undefined; $lookup?: undefined; $unwind?: undefined; $project?: undefined; $sort?: undefined; $limit?: undefined; } | { $group: { ...; }; ... 5 more ...; $limit?: undefined; } | ... 4 more ... | { ...; })[]' is not assignable to parameter of type 'PipelineStage[]'.
      Type '{ $match: { chatRoomId: ObjectId; isDeleted: boolean; }; $group?: undefined; $lookup?: undefined; $unwind?: undefined; $project?: undefined; $sort?: undefined; $limit?: undefined; } | { $group: { ...; }; ... 5 more ...; $limit?: undefined; } | ... 4 more ... | { ...; }' is not assignable to type 'PipelineStage'.
        Type '{ $sort: { messageCount: number; }; $match?: undefined; $group?: undefined; $lookup?: undefined; $unwind?: undefined; $project?: undefined; $limit?: undefined; }' is not assignable to type 'PipelineStage'.
          Type '{ $sort: { messageCount: number; }; $match?: undefined; $group?: undefined; $lookup?: undefined; $unwind?: undefined; $project?: undefined; $limit?: undefined; }' is not assignable to type 'Unwind'.
            Types of property '$unwind' are incompatible.
              Type 'undefined' is not assignable to type 'string | { path: string; includeArrayIndex?: string | undefined; preserveNullAndEmptyArrays?: boolean | undefined; }'.
  Overload 2 of 2, '(pipeline: PipelineStage[]): Aggregate<any[]>', gave the following error.
    Argument of type '({ $match: { chatRoomId: ObjectId; isDeleted: boolean; }; $group?: undefined; $lookup?: undefined; $unwind?: undefined; $project?: undefined; $sort?: undefined; $limit?: undefined; } | { $group: { ...; }; ... 5 more ...; $limit?: undefined; } | ... 4 more ... | { ...; })[]' is not assignable to parameter of type 'PipelineStage[]'.
      Type '{ $match: { chatRoomId: ObjectId; isDeleted: boolean; }; $group?: undefined; $lookup?: undefined; $unwind?: undefined; $project?: undefined; $sort?: undefined; $limit?: undefined; } | { $group: { ...; }; ... 5 more ...; $limit?: undefined; } | ... 4 more ... | { ...; }' is not assignable to type 'PipelineStage'.
        Type '{ $sort: { messageCount: number; }; $match?: undefined; $group?: undefined; $lookup?: undefined; $unwind?: undefined; $project?: undefined; $limit?: undefined; }' is not assignable to type 'PipelineStage'.
          Type '{ $sort: { messageCount: number; }; $match?: undefined; $group?: undefined; $lookup?: undefined; $unwind?: undefined; $project?: undefined; $limit?: undefined; }' is not assignable to type 'Unwind'.
            Types of property '$unwind' are incompatible.
              Type 'undefined' is not assignable to type 'string | { path: string; includeArrayIndex?: string | undefined; preserveNullAndEmptyArrays?: boolean | undefined; }'.
src/services/chatModeration.service.ts(477,48): error TS2367: This comparison appears to be unintentional because the types '"low" | "medium"' and '"high"' have no overlap.
src/services/corporateWallet.service.ts(480,23): error TS2339: Property 'employeeName' does not exist on type 'Document<unknown, {}, ICorporateWallet, {}, {}> & ICorporateWallet & Required<{ _id: ObjectId; }> & { __v: number; }'.
src/services/corporateWallet.service.ts(481,24): error TS2551: Property 'employeeEmail' does not exist on type 'Document<unknown, {}, ICorporateWallet, {}, {}> & ICorporateWallet & Required<{ _id: ObjectId; }> & { __v: number; }'. Did you mean 'employeeId'?
src/services/corporateWallet.service.ts(482,21): error TS2339: Property 'department' does not exist on type 'Document<unknown, {}, ICorporateWallet, {}, {}> & ICorporateWallet & Required<{ _id: ObjectId; }> & { __v: number; }'.
src/services/corporateWallet.service.ts(484,23): error TS2339: Property 'monthlyLimit' does not exist on type 'Document<unknown, {}, ICorporateWallet, {}, {}> & ICorporateWallet & Required<{ _id: ObjectId; }> & { __v: number; }'.
src/services/corporateWallet.service.ts(485,24): error TS2339: Property 'usedThisMonth' does not exist on type 'Document<unknown, {}, ICorporateWallet, {}, {}> & ICorporateWallet & Required<{ _id: ObjectId; }> & { __v: number; }'.
src/services/corporateWallet.service.ts(486,23): error TS2339: Property 'bookingCount' does not exist on type 'Document<unknown, {}, ICorporateWallet, {}, {}> & ICorporateWallet & Required<{ _id: ObjectId; }> & { __v: number; }'.
src/services/customerAnalytics.service.ts(218,45): error TS2365: Operator '+' cannot be applied to types 'string | number' and 'number'.
src/services/deviceFingerprint.service.ts(582,48): error TS2339: Property 'suspiciousReasons' does not exist on type '{ fingerprint: string; userAgent: string; ip: string; firstSeen: Date; lastSeen: Date; isSuspicious: boolean; device?: string | undefined; deviceType?: "mobile" | "desktop" | "tablet" | undefined; ... 10 more ...; loginCount?: number | undefined; }'.
src/services/deviceFingerprint.service.ts(596,7): error TS2353: Object literal may only specify known properties, and 'suspiciousReasons' does not exist in type '{ fingerprint: string; userAgent: string; ip: string; firstSeen: Date; lastSeen: Date; isSuspicious: boolean; device?: string | undefined; deviceType?: "mobile" | "desktop" | "tablet" | undefined; ... 10 more ...; loginCount?: number | undefined; }'.
src/services/dispute.service.ts(433,9): error TS2322: Type '"dispute_evidence_added"' is not assignable to type 'NotificationType'.
src/services/dispute.service.ts(580,9): error TS2322: Type '"dispute_assigned"' is not assignable to type 'NotificationType'.
src/services/enhancedAccountRecovery.service.ts(98,11): error TS2320: Interface 'IRecoveryRequest' cannot simultaneously extend types 'Document<ObjectId, any, any, Record<string, any>, {}>' and 'RecoveryRequest'.
  Named property '_id' of types 'Document<ObjectId, any, any, Record<string, any>, {}>' and 'RecoveryRequest' are not identical.
src/services/equipmentRental.service.ts(551,51): error TS7006: Parameter 'r' implicitly has an 'any' type.
src/services/equipmentRental.service.ts(1065,37): error TS7006: Parameter 'r' implicitly has an 'any' type.
src/services/equipmentRental.service.ts(1066,40): error TS7006: Parameter 'r' implicitly has an 'any' type.
src/services/equipmentRental.service.ts(1067,37): error TS7006: Parameter 'sum' implicitly has an 'any' type.
src/services/equipmentRental.service.ts(1067,42): error TS7006: Parameter 'r' implicitly has an 'any' type.
src/services/equipmentRental.service.ts(1072,27): error TS7006: Parameter 'sum' implicitly has an 'any' type.
src/services/equipmentRental.service.ts(1072,32): error TS7006: Parameter 'r' implicitly has an 'any' type.
src/services/equipmentRental.service.ts(1074,7): error TS2322: Type '{ name: string; count: number; revenue: number; equipmentId: string; }[]' is not assignable to type '{ equipmentId: string; name: string; rentalCount: number; revenue: number; }[]'.
  Property 'rentalCount' is missing in type '{ name: string; count: number; revenue: number; equipmentId: string; }' but required in type '{ equipmentId: string; name: string; rentalCount: number; revenue: number; }'.
src/services/equipmentRental.service.ts(1075,41): error TS7006: Parameter 'r' implicitly has an 'any' type.
src/services/escalation.service.ts(574,13): error TS2551: Property 'in_progress' does not exist on type '{ total: number; pending: number; inProgress: number; resolved: number; byLevel: Record<EscalationLevel, number>; byTrigger: Record<EscalationTrigger, number>; avgResolutionTime: number; }'. Did you mean 'inProgress'?
src/services/extendedWarranty.service.ts(722,20): error TS2339: Property 'save' does not exist on type 'WarrantyPolicy'.
src/services/extendedWarranty.service.ts(766,53): error TS2552: Cannot find name 'claimId'. Did you mean 'claim'?
src/services/extendedWarranty.service.ts(1017,36): error TS7006: Parameter 'p' implicitly has an 'any' type.
src/services/extendedWarranty.service.ts(1038,39): error TS7006: Parameter 'p' implicitly has an 'any' type.
src/services/extendedWarranty.service.ts(1039,40): error TS7006: Parameter 'p' implicitly has an 'any' type.
src/services/featuredSearchBoost.service.ts(478,25): error TS7053: Element implicitly has an 'any' type because expression of type 'any' can't be used to index type 'Record<BoostDuration, number>'.
src/services/featuredSearchBoost.service.ts(651,15): error TS7006: Parameter 'b' implicitly has an 'any' type.
src/services/featuredSearchBoost.service.ts(652,14): error TS7006: Parameter 'a' implicitly has an 'any' type.
src/services/featuredSearchBoost.service.ts(652,17): error TS7006: Parameter 'b' implicitly has an 'any' type.
src/services/featuredSearchBoost.service.ts(654,12): error TS7006: Parameter 'b' implicitly has an 'any' type.
src/services/featuredSearchBoost.service.ts(663,35): error TS7006: Parameter 'b' implicitly has an 'any' type.
src/services/geolocation.service.ts(525,24): error TS2339: Property 'lat' does not exist on type '{ type: "Point"; coordinates: [number, number]; }'.
src/services/geolocation.service.ts(526,28): error TS2339: Property 'lat' does not exist on type '{ type: "Point"; coordinates: [number, number]; }'.
src/services/geolocation.service.ts(527,28): error TS2339: Property 'lng' does not exist on type '{ type: "Point"; coordinates: [number, number]; }'.
src/services/geolocation.service.ts(569,24): error TS2339: Property 'lat' does not exist on type '{ type: "Point"; coordinates: [number, number]; }'.
src/services/geolocation.service.ts(570,26): error TS2339: Property 'lat' does not exist on type '{ type: "Point"; coordinates: [number, number]; }'.
src/services/geolocation.service.ts(571,26): error TS2339: Property 'lng' does not exist on type '{ type: "Point"; coordinates: [number, number]; }'.
src/services/geolocation.service.ts(671,32): error TS2339: Property 'title' does not exist on type 'Document<unknown, {}, IService, {}, {}> & IService & Required<{ _id: ObjectId; }> & { __v: number; }'.
src/services/geolocation.service.ts(676,26): error TS2339: Property 'pricing' does not exist on type 'Document<unknown, {}, IService, {}, {}> & IService & Required<{ _id: ObjectId; }> & { __v: number; }'.
src/services/geolocation.service.ts(677,29): error TS2339: Property 'pricing' does not exist on type 'Document<unknown, {}, IService, {}, {}> & IService & Required<{ _id: ObjectId; }> & { __v: number; }'.
src/services/imageModeration.service.ts(519,9): error TS2322: Type '"inappropriate_content"' is not assignable to type '"duplicate_account" | "suspicious_document" | "unusual_pattern" | "address_mismatch" | "velocity_check_failed" | "high_risk_country"'.
src/services/invoice.service.ts(5,10): error TS2614: Module '"./email.service"' has no exported member 'emailService'. Did you mean to use 'import emailService from "./email.service"' instead?
src/services/leadGenerationFee.service.ts(385,9): error TS7006: Parameter 'entry' implicitly has an 'any' type.
src/services/liveChat.service.ts(276,12): error TS2352: Conversion of type '{ _id: Types.ObjectId; sessionId: string; customerId: Types.ObjectId; customerName: string; customerEmail: string; status: "ended"; endedAt: Date; tags: never[]; createdAt: Date; updatedAt: Date; }' to type 'ChatSession' may be a mistake because neither type sufficiently overlaps with the other. If this was intentional, convert the expression to 'unknown' first.
  Property 'priority' is missing in type '{ _id: Types.ObjectId; sessionId: string; customerId: Types.ObjectId; customerName: string; customerEmail: string; status: "ended"; endedAt: Date; tags: never[]; createdAt: Date; updatedAt: Date; }' but required in type 'ChatSession'.
src/services/liveChat.service.ts(331,24): error TS2345: Argument of type '{ position: number; estimatedWaitTime: number; priority: "normal"; customerId: string; sessionId: string; }' is not assignable to parameter of type 'QueueEntry'.
  Property 'createdAt' is missing in type '{ position: number; estimatedWaitTime: number; priority: "normal"; customerId: string; sessionId: string; }' but required in type 'QueueEntry'.
src/services/liveChat.service.ts(447,7): error TS2345: Argument of type '"system"' is not assignable to parameter of type '"text" | "image" | "file" | undefined'.
src/services/liveChat.service.ts(476,14): error TS2551: Property 'sender' does not exist on type 'FlattenMaps<IMessage> & Required<{ _id: ObjectId; }> & { __v: number; }'. Did you mean 'senderId'?
src/services/liveChat.service.ts(491,23): error TS2551: Property 'chatRoom' does not exist on type 'FlattenMaps<IMessage> & Required<{ _id: ObjectId; }> & { __v: number; }'. Did you mean 'chatRoomId'?
src/services/liveChat.service.ts(493,21): error TS2551: Property 'sender' does not exist on type 'FlattenMaps<IMessage> & Required<{ _id: ObjectId; }> & { __v: number; }'. Did you mean 'senderId'?
src/services/liveChat.service.ts(494,23): error TS2339: Property 'senderType' does not exist on type 'FlattenMaps<IMessage> & Required<{ _id: ObjectId; }> & { __v: number; }'.
src/services/liveChat.service.ts(495,23): error TS2339: Property 'senderName' does not exist on type 'FlattenMaps<IMessage> & Required<{ _id: ObjectId; }> & { __v: number; }'.
src/services/liveChat.service.ts(632,38): error TS2345: Argument of type '{ position: number; estimatedWaitTime: number; priority: ChatPriority; customerId: string; sessionId: string; }' is not assignable to parameter of type 'QueueEntry'.
  Property 'createdAt' is missing in type '{ position: number; estimatedWaitTime: number; priority: ChatPriority; customerId: string; sessionId: string; }' but required in type 'QueueEntry'.
src/services/loginAnomalyDetection.service.ts(578,7): error TS2741: Property 'isVPN' is missing in type '{ isNew: false; }' but required in type '{ isNew: boolean; city?: string | undefined; country?: string | undefined; isVPN: boolean; }'.
src/services/loginAnomalyDetection.service.ts(617,7): error TS2741: Property 'isVPN' is missing in type '{ isNew: false; }' but required in type '{ isNew: boolean; city?: string | undefined; country?: string | undefined; isVPN: boolean; }'.
src/services/monthlyScorecard.service.ts(118,11): error TS2320: Interface 'IMonthlyScorecard' cannot simultaneously extend types 'Document<ObjectId, any, any, Record<string, any>, {}>' and 'MonthlyScorecard'.
  Named property '_id' of types 'Document<ObjectId, any, any, Record<string, any>, {}>' and 'MonthlyScorecard' are not identical.
src/services/notification.service.ts(231,7): error TS2741: Property 'service_updated' is missing in type '{ booking_request: { customer: { title: string; message: string; }; provider: { title: string; message: string; }; }; booking_confirmed: { customer: { title: string; message: string; }; provider: { title: string; message: string; }; }; ... 24 more ...; withdrawal_rejected: { ...; }; }' but required in type 'Record<NotificationType, { customer: { title: string; message: string; }; provider: { title: string; message: string; }; }>'.
src/services/notification.service.ts(1368,5): error TS2741: Property 'service_updated' is missing in type '{ booking_request: true; booking_confirmed: boolean; booking_cancelled: boolean; booking_rejected: boolean; booking_started: boolean; booking_completed: boolean; booking_reminder: boolean; ... 19 more ...; withdrawal_rejected: boolean; }' but required in type 'Record<NotificationType, boolean>'.
src/services/notifications/notificationDigest.service.ts(18,10): error TS2614: Module '"../email.service"' has no exported member 'emailService'. Did you mean to use 'import emailService from "../email.service"' instead?
src/services/notifications/notificationDigest.service.ts(395,9): error TS2698: Spread types may only be created from object types.
src/services/notifications/notificationDigest.service.ts(403,9): error TS2698: Spread types may only be created from object types.
src/services/notifications/notificationDigest.service.ts(411,9): error TS2698: Spread types may only be created from object types.
src/services/notifications/notificationDigest.service.ts(1009,15): error TS2484: Export declaration conflicts with exported declaration of 'DigestPreferences'.
src/services/notifications/notificationDigest.service.ts(1009,34): error TS2484: Export declaration conflicts with exported declaration of 'DigestContent'.
src/services/notifications/notificationDigest.service.ts(1009,49): error TS2484: Export declaration conflicts with exported declaration of 'DigestSchedule'.
src/services/notifications/telegram.service.ts(1069,60): error TS2339: Property 'telegram' does not exist on type '{ email: { marketing: boolean; bookingUpdates: boolean; reminders: boolean; newsletters: boolean; promotions: boolean; }; sms: { bookingUpdates: boolean; reminders: boolean; promotions: boolean; }; ... 4 more ...; currency: string; }'.
src/services/notifications/telegram.service.ts(1163,50): error TS2339: Property 'telegram' does not exist on type '{ email: { marketing: boolean; bookingUpdates: boolean; reminders: boolean; newsletters: boolean; promotions: boolean; }; sms: { bookingUpdates: boolean; reminders: boolean; promotions: boolean; }; ... 4 more ...; currency: string; }'.
src/services/notifications/telegram.service.ts(1181,35): error TS2339: Property 'telegram' does not exist on type '{ email: { marketing: boolean; bookingUpdates: boolean; reminders: boolean; newsletters: boolean; promotions: boolean; }; sms: { bookingUpdates: boolean; reminders: boolean; promotions: boolean; }; ... 4 more ...; currency: string; }'.
src/services/notifications/telegram.service.ts(1207,40): error TS2339: Property 'telegram' does not exist on type '{ email: { marketing: boolean; bookingUpdates: boolean; reminders: boolean; newsletters: boolean; promotions: boolean; }; sms: { bookingUpdates: boolean; reminders: boolean; promotions: boolean; }; ... 4 more ...; currency: string; }'.
src/services/notifications/telegram.service.ts(1208,37): error TS2339: Property 'telegram' does not exist on type '{ email: { marketing: boolean; bookingUpdates: boolean; reminders: boolean; newsletters: boolean; promotions: boolean; }; sms: { bookingUpdates: boolean; reminders: boolean; promotions: boolean; }; ... 4 more ...; currency: string; }'.
src/services/notifications/telegram.service.ts(1228,37): error TS2339: Property 'telegram' does not exist on type '{ email: { marketing: boolean; bookingUpdates: boolean; reminders: boolean; newsletters: boolean; promotions: boolean; }; sms: { bookingUpdates: boolean; reminders: boolean; promotions: boolean; }; ... 4 more ...; currency: string; }'.
src/services/notifications/telegram.service.ts(1250,37): error TS2339: Property 'telegram' does not exist on type '{ email: { marketing: boolean; bookingUpdates: boolean; reminders: boolean; newsletters: boolean; promotions: boolean; }; sms: { bookingUpdates: boolean; reminders: boolean; promotions: boolean; }; ... 4 more ...; currency: string; }'.
src/services/notifications/telegram.service.ts(1338,47): error TS2339: Property 'telegram' does not exist on type '{ email: { marketing: boolean; bookingUpdates: boolean; reminders: boolean; newsletters: boolean; promotions: boolean; }; sms: { bookingUpdates: boolean; reminders: boolean; promotions: boolean; }; ... 4 more ...; currency: string; }'.
src/services/notifications/telegram.service.ts(1348,3): error TS2484: Export declaration conflicts with exported declaration of 'TelegramInlineKeyboardButton'.
src/services/notifications/telegram.service.ts(1349,3): error TS2484: Export declaration conflicts with exported declaration of 'TelegramInlineKeyboard'.
src/services/notifications/telegram.service.ts(1350,3): error TS2484: Export declaration conflicts with exported declaration of 'TelegramBotCommand'.
src/services/notifications/telegram.service.ts(1351,3): error TS2484: Export declaration conflicts with exported declaration of 'TelegramUpdate'.
src/services/notifications/telegram.service.ts(1352,3): error TS2484: Export declaration conflicts with exported declaration of 'TelegramCallbackQuery'.
src/services/notifications/webpush.service.ts(204,3): error TS2304: Cannot find name 'constikm'.
src/services/notifications/webpush.service.ts(215,43): error TS2304: Cannot find name 'ikm'.
src/services/notifications/webpush.service.ts(218,28): error TS2304: Cannot find name 'ikm'.
src/services/notifications/whatsapp.service.ts(314,30): error TS2304: Cannot find name 'tomorrow'.
src/services/notifications/whatsapp.service.ts(679,90): error TS2362: The left-hand side of an arithmetic operation must be of type 'any', 'number', 'bigint' or an enum type.
src/services/notifications/whatsapp.service.ts(907,50): error TS2339: Property 'whatsapp' does not exist on type '{ email: { marketing: boolean; bookingUpdates: boolean; reminders: boolean; newsletters: boolean; promotions: boolean; }; sms: { bookingUpdates: boolean; reminders: boolean; promotions: boolean; }; ... 4 more ...; currency: string; }'.
src/services/notifications/whatsapp.service.ts(920,37): error TS2339: Property 'whatsapp' does not exist on type '{ email: { marketing: boolean; bookingUpdates: boolean; reminders: boolean; newsletters: boolean; promotions: boolean; }; sms: { bookingUpdates: boolean; reminders: boolean; promotions: boolean; }; ... 4 more ...; currency: string; }'.
src/services/notifications/whatsapp.service.ts(944,37): error TS2339: Property 'whatsapp' does not exist on type '{ email: { marketing: boolean; bookingUpdates: boolean; reminders: boolean; newsletters: boolean; promotions: boolean; }; sms: { bookingUpdates: boolean; reminders: boolean; promotions: boolean; }; ... 4 more ...; currency: string; }'.
src/services/notifications/whatsapp.service.ts(1048,50): error TS2339: Property 'whatsapp' does not exist on type '{ email: { marketing: boolean; bookingUpdates: boolean; reminders: boolean; newsletters: boolean; promotions: boolean; }; sms: { bookingUpdates: boolean; reminders: boolean; promotions: boolean; }; ... 4 more ...; currency: string; }'.
src/services/notifications/whatsapp.service.ts(1067,35): error TS2339: Property 'whatsapp' does not exist on type '{ email: { marketing: boolean; bookingUpdates: boolean; reminders: boolean; newsletters: boolean; promotions: boolean; }; sms: { bookingUpdates: boolean; reminders: boolean; promotions: boolean; }; ... 4 more ...; currency: string; }'.
src/services/notifications/whatsapp.service.ts(1086,15): error TS2484: Export declaration conflicts with exported declaration of 'WhatsAppTemplateComponent'.
src/services/notifications/whatsapp.service.ts(1086,42): error TS2484: Export declaration conflicts with exported declaration of 'WhatsAppConfig'.
src/services/notificationTrigger.service.ts(7,10): error TS2724: '"./notifications/whatsapp.service"' has no exported member named 'whatsappService'. Did you mean 'whatsAppService'?
src/services/notificationTrigger.service.ts(453,26): error TS2339: Property 'sendToUser' does not exist on type 'WebPushService'.
src/services/notificationTrigger.service.ts(500,60): error TS2345: Argument of type '{ text: string; parse_mode: string; }' is not assignable to parameter of type 'string'.
src/services/payoutEngine.service.ts(808,15): error TS2339: Property 'EmailService' does not exist on type 'typeof import("C:/Users/user/OneDrive/Desktop/rez-v5/Homeservice/backend/src/services/email.service")'.
src/services/pdf.service.ts(1,25): error TS2307: Cannot find module 'pdfkit' or its corresponding type declarations.
src/services/pdf.service.ts(624,39): error TS2339: Property 'currency' does not exist on type '{ primary: string; secondary: string; accent: string; text: string; lightText: string; background: string; border: string; }'.
src/services/pdf.service.ts(806,14): error TS18048: 'customer' is possibly 'undefined'.
src/services/pdf.service.ts(807,14): error TS18048: 'customer' is possibly 'undefined'.
src/services/pdf.service.ts(809,9): error TS18048: 'customer' is possibly 'undefined'.
src/services/pdf.service.ts(811,27): error TS18048: 'customer' is possibly 'undefined'.
src/services/phoneIntelligence.service.ts(118,11): error TS2741: Property 'isPrepaid' is missing in type '{ phone: string; formatted: string; countryCode: string; nationalNumber: string; isValid: false; lineType: "unknown"; country: string; riskLevel: "low"; riskScore: number; riskFactors: never[]; checkedAt: Date; }' but required in type 'PhoneIntelligenceResult'.
src/services/phoneIntelligence.service.ts(312,16): error TS2339: Property 'carrier' does not exist on type '{ lineType: "unknown" | "mobile" | "premium" | "landline" | "voip" | "toll_free"; }'.
src/services/phoneIntelligence.service.ts(313,16): error TS2339: Property 'mcc' does not exist on type '{ lineType: "unknown" | "mobile" | "premium" | "landline" | "voip" | "toll_free"; }'.
src/services/phoneIntelligence.service.ts(314,16): error TS2339: Property 'mnc' does not exist on type '{ lineType: "unknown" | "mobile" | "premium" | "landline" | "voip" | "toll_free"; }'.
src/services/phoneIntelligence.service.ts(497,49): error TS2339: Property 'canReceiveSMS' does not exist on type 'PhoneIntelligenceResult'.
src/services/photoSharing.service.ts(104,11): error TS2320: Interface 'IPhoto' cannot simultaneously extend types 'Document<ObjectId, any, any, Record<string, any>, {}>' and 'Photo'.
  Named property '_id' of types 'Document<ObjectId, any, any, Record<string, any>, {}>' and 'Photo' are not identical.
src/services/photoSharing.service.ts(105,11): error TS2320: Interface 'IBeforeAfterPairing' cannot simultaneously extend types 'Document<ObjectId, any, any, Record<string, any>, {}>' and 'BeforeAfterPairing'.
  Named property '_id' of types 'Document<ObjectId, any, any, Record<string, any>, {}>' and 'BeforeAfterPairing' are not identical.
src/services/photoSharing.service.ts(106,11): error TS2320: Interface 'IPhotoGallery' cannot simultaneously extend types 'Document<ObjectId, any, any, Record<string, any>, {}>' and 'PhotoGallery'.
  Named property '_id' of types 'Document<ObjectId, any, any, Record<string, any>, {}>' and 'PhotoGallery' are not identical.
src/services/photoSharing.service.ts(468,49): error TS7006: Parameter 'id' implicitly has an 'any' type.
src/services/policyUpdateNotification.ts(77,11): error TS2320: Interface 'IPolicyChange' cannot simultaneously extend types 'Document<ObjectId, any, any, Record<string, any>, {}>' and 'PolicyChange'.
  Named property '_id' of types 'Document<ObjectId, any, any, Record<string, any>, {}>' and 'PolicyChange' are not identical.
src/services/policyUpdateNotification.ts(78,11): error TS2320: Interface 'IProviderPolicyNotification' cannot simultaneously extend types 'Document<ObjectId, any, any, Record<string, any>, {}>' and 'ProviderPolicyNotification'.
  Named property '_id' of types 'Document<ObjectId, any, any, Record<string, any>, {}>' and 'ProviderPolicyNotification' are not identical.
src/services/policyUpdateNotification.ts(79,11): error TS2320: Interface 'IPolicyVersionHistory' cannot simultaneously extend types 'Document<ObjectId, any, any, Record<string, any>, {}>' and 'PolicyVersionHistory'.
  Named property '_id' of types 'Document<ObjectId, any, any, Record<string, any>, {}>' and 'PolicyVersionHistory' are not identical.
src/services/priorityMatchFee.service.ts(154,18): error TS2339: Property 'status' does not exist on type 'Document<unknown, {}, IProviderProfile, {}, {}> & IProviderProfile & Required<{ _id: ObjectId; }> & { __v: number; }'.
src/services/priorityMatchFee.service.ts(160,47): error TS2339: Property 'averageRating' does not exist on type '{ profileViews: { date: Date; views: number; uniqueViews: number; }[]; bookingStats: { totalBookings: number; completedBookings: number; cancelledBookings: number; noShowBookings: number; averageBookingValue: number; repeatCustomerRate: number; }; revenueStats: { ...; }; customerMetrics: { ...; }; performanceMetrics...'.
src/services/profanityFilter.service.ts(58,7): error TS7034: Variable 'SEVERE_PROFANITY' implicitly has type 'any[]' in some locations where its type cannot be determined.
src/services/profanityFilter.service.ts(63,7): error TS7034: Variable 'MODERATE_PROFANITY' implicitly has type 'any[]' in some locations where its type cannot be determined.
src/services/profanityFilter.service.ts(68,7): error TS7034: Variable 'MILD_PROFANITY' implicitly has type 'any[]' in some locations where its type cannot be determined.
src/services/profanityFilter.service.ts(153,26): error TS7005: Variable 'SEVERE_PROFANITY' implicitly has an 'any[]' type.
src/services/profanityFilter.service.ts(164,26): error TS7005: Variable 'MODERATE_PROFANITY' implicitly has an 'any[]' type.
src/services/profanityFilter.service.ts(175,26): error TS7005: Variable 'MILD_PROFANITY' implicitly has an 'any[]' type.
src/services/profanityFilter.service.ts(244,9): error TS2322: Type '"low" | "medium" | "high" | "none"' is not assignable to type '"low" | "medium" | "high" | "critical"'.
  Type '"none"' is not assignable to type '"low" | "medium" | "high" | "critical"'.
src/services/profanityFilter.service.ts(449,30): error TS7005: Variable 'SEVERE_PROFANITY' implicitly has an 'any[]' type.
src/services/profanityFilter.service.ts(449,51): error TS7005: Variable 'MODERATE_PROFANITY' implicitly has an 'any[]' type.
src/services/profanityFilter.service.ts(449,74): error TS7005: Variable 'MILD_PROFANITY' implicitly has an 'any[]' type.
src/services/providerAnalytics.service.ts(207,42): error TS2339: Property 'serviceDetails' does not exist on type 'FlattenMaps<IBooking> & Required<{ _id: ObjectId; }> & { __v: number; }'.
src/services/providerAnalytics.service.ts(405,47): error TS2339: Property 'rating' does not exist on type 'FlattenMaps<IProviderProfile> & Required<{ _id: ObjectId; }> & { __v: number; }'.
src/services/quoteRequest.service.ts(124,11): error TS2320: Interface 'IQuoteRequest' cannot simultaneously extend types 'Document<ObjectId, any, any, Record<string, any>, {}>' and 'QuoteRequest'.
  Named property '_id' of types 'Document<ObjectId, any, any, Record<string, any>, {}>' and 'QuoteRequest' are not identical.
src/services/quoteRequest.service.ts(125,11): error TS2320: Interface 'IQuote' cannot simultaneously extend types 'Document<ObjectId, any, any, Record<string, any>, {}>' and 'Quote'.
  Named property '_id' of types 'Document<ObjectId, any, any, Record<string, any>, {}>' and 'Quote' are not identical.
src/services/quoteRequest.service.ts(643,15): error TS2339: Property 'subtotal' does not exist on type 'Partial<CreateQuoteInput>'.
src/services/quoteRequest.service.ts(644,15): error TS2339: Property 'taxAmount' does not exist on type 'Partial<CreateQuoteInput>'.
src/services/quoteRequest.service.ts(645,15): error TS2339: Property 'totalAmount' does not exist on type 'Partial<CreateQuoteInput>'.
src/services/quoteRequest.service.ts(713,44): error TS7006: Parameter 'quote' implicitly has an 'any' type.
src/services/receipt.service.ts(5,10): error TS2614: Module '"./email.service"' has no exported member 'emailService'. Did you mean to use 'import emailService from "./email.service"' instead?
src/services/refund.service.ts(571,15): error TS7006: Parameter 'r' implicitly has an 'any' type.
src/services/refund.service.ts(1113,63): error TS2345: Argument of type 'ClientSession | undefined' is not assignable to parameter of type 'ClientSession | null'.
  Type 'undefined' is not assignable to type 'ClientSession | null'.
src/services/rescheduleFee.service.ts(73,39): error TS2561: Object literal may only specify known properties, but 'maxHoursBeforeService' does not exist in type '{ minHoursBeforeService: number; surchargePercent: number; label: string; }'. Did you mean to write 'minHoursBeforeService'?
src/services/rescheduleFee.service.ts(354,72): error TS2345: Argument of type '"customer" | "provider" | "system"' is not assignable to parameter of type '"customer" | "provider" | undefined'.
  Type '"system"' is not assignable to type '"customer" | "provider" | undefined'.
src/services/rescheduleFee.service.ts(361,71): error TS2345: Argument of type '"customer" | "provider" | "system"' is not assignable to parameter of type '"customer" | "provider" | undefined'.
  Type '"system"' is not assignable to type '"customer" | "provider" | undefined'.
src/services/rescheduleFee.service.ts(576,9): error TS7053: Element implicitly has an 'any' type because expression of type 'any' can't be used to index type 'Record<RescheduleTier, { count: number; revenue: number; }>'.
src/services/rescheduleFee.service.ts(577,9): error TS7053: Element implicitly has an 'any' type because expression of type 'any' can't be used to index type 'Record<RescheduleTier, { count: number; revenue: number; }>'.
src/services/reviewDraft.service.ts(148,15): error TS2339: Property 'extendExpiration' does not exist on type 'Document<unknown, {}, IReviewDraft, {}, {}> & IReviewDraft & Required<{ _id: ObjectId; }> & { __v: number; }'.
src/services/reviewDraft.service.ts(651,38): error TS2339: Property 'cleanupExpired' does not exist on type 'IReviewDraftModel'.
src/services/reviewDraft.service.ts(668,44): error TS2339: Property 'getExpiringSoon' does not exist on type 'IReviewDraftModel'.
src/services/reviewVelocityMonitor.service.ts(157,19): error TS18048: 'booking.customerId' is possibly 'undefined'.
src/services/reviewVelocityMonitor.service.ts(672,11): error TS7034: Variable 'reviews' implicitly has type 'any[]' in some locations where its type cannot be determined.
src/services/reviewVelocityMonitor.service.ts(674,31): error TS7005: Variable 'reviews' implicitly has an 'any[]' type.
src/services/reviewVelocityMonitor.service.ts(678,25): error TS7005: Variable 'reviews' implicitly has an 'any[]' type.
src/services/reviewVelocityMonitor.service.ts(682,26): error TS7005: Variable 'reviews' implicitly has an 'any[]' type.
src/services/reviewVelocityMonitor.service.ts(747,30): error TS2339: Property 'sameIPReviews' does not exist on type '{ totalReviews: number; suspiciousReviews: number; alertsGenerated: number; avgRating: number; ratingDistribution: Record<number, number>; }'.
src/services/reviewVelocityMonitor.service.ts(748,29): error TS2339: Property 'burstReviews' does not exist on type '{ totalReviews: number; suspiciousReviews: number; alertsGenerated: number; avgRating: number; ratingDistribution: Record<number, number>; }'.
src/services/rushBookingFee.service.ts(250,33): error TS2551: Property 'same_day' does not exist on type '{ sameDay: { surchargePercent: number; label: string; priority: number; }; nextDay: { surchargePercent: number; label: string; priority: number; }; within48h: { surchargePercent: number; label: string; priority: number; }; standard: { ...; }; }'. Did you mean 'sameDay'?
src/services/rushBookingFee.service.ts(327,44): error TS2551: Property 'same_day' does not exist on type '{ sameDay: { surchargePercent: number; label: string; priority: number; }; nextDay: { surchargePercent: number; label: string; priority: number; }; within48h: { surchargePercent: number; label: string; priority: number; }; standard: { ...; }; }'. Did you mean 'sameDay'?
src/services/rushBookingFee.service.ts(569,7): error TS7053: Element implicitly has an 'any' type because expression of type 'any' can't be used to index type 'Record<RushTier, { count: number; revenue: number; }>'.
src/services/rushBookingFee.service.ts(570,7): error TS7053: Element implicitly has an 'any' type because expression of type 'any' can't be used to index type 'Record<RushTier, { count: number; revenue: number; }>'.
src/services/serviceAnalytics.service.ts(420,42): error TS2339: Property 'rating' does not exist on type 'FlattenMaps<{ searchCount: number; clickCount: number; bookingCount: number; popularityScore: number; lastSearched?: Date | undefined; searchKeywords: string[]; }>'.
src/services/serviceAnalytics.service.ts(420,85): error TS2339: Property 'rating' does not exist on type 'FlattenMaps<{ searchCount: number; clickCount: number; bookingCount: number; popularityScore: number; lastSearched?: Date | undefined; searchKeywords: string[]; }>'.
src/services/serviceAnalytics.service.ts(424,42): error TS2339: Property 'rating' does not exist on type 'FlattenMaps<{ searchCount: number; clickCount: number; bookingCount: number; popularityScore: number; lastSearched?: Date | undefined; searchKeywords: string[]; }>'.
src/services/servicePackages.service.ts(120,11): error TS2320: Interface 'IServicePackage' cannot simultaneously extend types 'Document<ObjectId, any, any, Record<string, any>, {}>' and 'ServicePackage'.
  Named property '_id' of types 'Document<ObjectId, any, any, Record<string, any>, {}>' and 'ServicePackage' are not identical.
src/services/servicePackages.service.ts(121,11): error TS2320: Interface 'IProviderSubscription' cannot simultaneously extend types 'Document<ObjectId, any, any, Record<string, any>, {}>' and 'ProviderSubscription'.
  Named property '_id' of types 'Document<ObjectId, any, any, Record<string, any>, {}>' and 'ProviderSubscription' are not identical.
src/services/servicePackages.service.ts(839,7): error TS7053: Element implicitly has an 'any' type because expression of type 'any' can't be used to index type 'Record<PackageTier, number>'.
src/services/servicePackages.service.ts(840,7): error TS7053: Element implicitly has an 'any' type because expression of type 'any' can't be used to index type 'Record<PackageTier, number>'.
src/services/sessionManagement.service.ts(146,24): error TS2345: Argument of type 'Session' is not assignable to parameter of type '{ sessionId: string; token: string; device: string; browser?: string | undefined; os?: string | undefined; ip?: string | undefined; location?: string | undefined; userAgent?: string | undefined; ... 5 more ...; biometricVerified?: boolean | undefined; }'.
  Property 'token' is missing in type 'Session' but required in type '{ sessionId: string; token: string; device: string; browser?: string | undefined; os?: string | undefined; ip?: string | undefined; location?: string | undefined; userAgent?: string | undefined; ... 5 more ...; biometricVerified?: boolean | undefined; }'.
src/services/stockPhotoDetection.service.ts(453,9): error TS2322: Type '"fake_portfolio"' is not assignable to type '"duplicate_account" | "suspicious_document" | "unusual_pattern" | "address_mismatch" | "velocity_check_failed" | "high_risk_country"'.
src/services/supportTicket.service.ts(171,25): error TS2339: Property 'toString' does not exist on type 'never'.
src/services/supportTicket.service.ts(208,16): error TS2352: Conversion of type '(FlattenMaps<ISupportTicket> & Required<{ _id: ObjectId; }> & { __v: number; })[]' to type 'ISupportTicket[]' may be a mistake because neither type sufficiently overlaps with the other. If this was intentional, convert the expression to 'unknown' first.
  Type 'FlattenMaps<ISupportTicket> & Required<{ _id: ObjectId; }> & { __v: number; }' is not comparable to type 'ISupportTicket'.
    The types of 'collection.db.client' are incompatible between these types.
      Type 'FlattenMaps<MongoClient>' is missing the following properties from type 'MongoClient': driverInfoList, _close
src/services/supportTicket.service.ts(237,30): error TS18046: 'query.createdAt' is of type 'unknown'.
src/services/supportTicket.service.ts(238,28): error TS18046: 'query.createdAt' is of type 'unknown'.
src/services/supportTicket.service.ts(257,16): error TS2352: Conversion of type '(FlattenMaps<ISupportTicket> & Required<{ _id: ObjectId; }> & { __v: number; })[]' to type 'ISupportTicket[]' may be a mistake because neither type sufficiently overlaps with the other. If this was intentional, convert the expression to 'unknown' first.
  Type 'FlattenMaps<ISupportTicket> & Required<{ _id: ObjectId; }> & { __v: number; }' is not comparable to type 'ISupportTicket'.
    The types of 'collection.db.client' are incompatible between these types.
      Type 'FlattenMaps<MongoClient>' is missing the following properties from type 'MongoClient': driverInfoList, _close
src/services/tipping.service.ts(93,11): error TS2320: Interface 'ITip' cannot simultaneously extend types 'Document<ObjectId, any, any, Record<string, any>, {}>' and 'Tip'.
  Named property '_id' of types 'Document<ObjectId, any, any, Record<string, any>, {}>' and 'Tip' are not identical.
src/services/tipping.service.ts(598,7): error TS7053: Element implicitly has an 'any' type because expression of type 'any' can't be used to index type 'Record<TipType, { count: number; total: number; }>'.
src/services/tipping.service.ts(599,7): error TS7053: Element implicitly has an 'any' type because expression of type 'any' can't be used to index type 'Record<TipType, { count: number; total: number; }>'.
src/services/trainingAcademy.service.ts(106,11): error TS2320: Interface 'ICourse' cannot simultaneously extend types 'Document<ObjectId, any, any, Record<string, any>, {}>' and 'Course'.
  Named property '_id' of types 'Document<ObjectId, any, any, Record<string, any>, {}>' and 'Course' are not identical.
src/services/trainingAcademy.service.ts(107,11): error TS2320: Interface 'ICourseProgress' cannot simultaneously extend types 'Document<ObjectId, any, any, Record<string, any>, {}>' and 'CourseProgress'.
  Named property '_id' of types 'Document<ObjectId, any, any, Record<string, any>, {}>' and 'CourseProgress' are not identical.
src/services/trainingAcademy.service.ts(108,11): error TS2320: Interface 'ICertification' cannot simultaneously extend types 'Document<ObjectId, any, any, Record<string, any>, {}>' and 'Certification'.
  Named property '_id' of types 'Document<ObjectId, any, any, Record<string, any>, {}>' and 'Certification' are not identical.
src/services/trainingAcademy.service.ts(109,11): error TS2320: Interface 'IRequiredTraining' cannot simultaneously extend types 'Document<ObjectId, any, any, Record<string, any>, {}>' and 'RequiredTraining'.
  Named property '_id' of types 'Document<ObjectId, any, any, Record<string, any>, {}>' and 'RequiredTraining' are not identical.
src/services/trainingAcademy.service.ts(426,52): error TS7006: Parameter 'c' implicitly has an 'any' type.
src/services/trainingAcademy.service.ts(427,55): error TS7006: Parameter 'c' implicitly has an 'any' type.
src/services/trainingAcademy.service.ts(435,51): error TS7006: Parameter 'c' implicitly has an 'any' type.
src/services/trainingAcademy.service.ts(441,57): error TS7006: Parameter 'c' implicitly has an 'any' type.
src/services/trainingAcademy.service.ts(517,56): error TS7006: Parameter 'qs' implicitly has an 'any' type.
src/services/trainingAcademy.service.ts(532,52): error TS7006: Parameter '_' implicitly has an 'any' type.
src/services/trainingAcademy.service.ts(532,55): error TS7006: Parameter 'idx' implicitly has an 'any' type.
src/services/trainingAcademy.service.ts(533,44): error TS7006: Parameter 'q' implicitly has an 'any' type.
src/services/trainingAcademy.service.ts(538,52): error TS7006: Parameter 'sum' implicitly has an 'any' type.
src/services/trainingAcademy.service.ts(538,57): error TS7006: Parameter 'qs' implicitly has an 'any' type.
src/services/trustedDeviceFlow.service.ts(115,11): error TS2322: Type 'Date | undefined' is not assignable to type 'Date'.
  Type 'undefined' is not assignable to type 'Date'.
src/services/trustedDeviceFlow.service.ts(131,11): error TS2322: Type 'Date | undefined' is not assignable to type 'Date'.
  Type 'undefined' is not assignable to type 'Date'.
src/services/trustedDeviceFlow.service.ts(143,7): error TS2322: Type '{ id: string; name: any; lastActive: Date | undefined; } | undefined' is not assignable to type '{ id: string; name: string; lastActive: Date; trustedAt?: Date | undefined; } | undefined'.
  Type '{ id: string; name: any; lastActive: Date | undefined; }' is not assignable to type '{ id: string; name: string; lastActive: Date; trustedAt?: Date | undefined; }'.
    Types of property 'lastActive' are incompatible.
      Type 'Date | undefined' is not assignable to type 'Date'.
        Type 'undefined' is not assignable to type 'Date'.
src/services/trustedDeviceFlow.service.ts(217,34): error TS2345: Argument of type '{ fingerprint: string; device: string; deviceType: "mobile" | "desktop" | "tablet"; browser: string | undefined; os: string | undefined; userAgent: string; ip: string; firstSeen: Date; lastActive: Date; isTrusted: boolean; verified: boolean; loginCount: number; }' is not assignable to parameter of type '{ fingerprint: string; userAgent: string; ip: string; firstSeen: Date; lastSeen: Date; isSuspicious: boolean; device?: string | undefined; deviceType?: "mobile" | "desktop" | "tablet" | undefined; ... 10 more ...; loginCount?: number | undefined; }'.
  Type '{ fingerprint: string; device: string; deviceType: "mobile" | "desktop" | "tablet"; browser: string | undefined; os: string | undefined; userAgent: string; ip: string; firstSeen: Date; lastActive: Date; isTrusted: boolean; verified: boolean; loginCount: number; }' is missing the following properties from type '{ fingerprint: string; userAgent: string; ip: string; firstSeen: Date; lastSeen: Date; isSuspicious: boolean; device?: string | undefined; deviceType?: "mobile" | "desktop" | "tablet" | undefined; ... 10 more ...; loginCount?: number | undefined; }': lastSeen, isSuspicious
src/services/trustedDeviceFlow.service.ts(369,9): error TS18046: 'pending.expiresAt' is of type 'unknown'.
src/services/trustedDeviceFlow.service.ts(413,5): error TS2322: Type 'unknown' is not assignable to type 'string | undefined'.
src/services/trustedDeviceFlow.service.ts(425,20): error TS18046: 'pending.fingerprint' is of type 'unknown'.
src/services/trustedDeviceFlow.service.ts(433,7): error TS2322: Type 'unknown' is not assignable to type 'string | undefined'.
src/services/voucher.service.ts(306,7): error TS2322: Type '{ id: string; code: string; name: string; description: string | undefined; type: VoucherType; discountValue: number; maxDiscount: number | undefined; currency: string | undefined; validFrom: Date; validUntil: Date; status: VoucherStatus; minimumOrderValue: number | undefined; }[]' is not assignable to type 'VoucherEntry[]'.
  Type '{ id: string; code: string; name: string; description: string | undefined; type: VoucherType; discountValue: number; maxDiscount: number | undefined; currency: string | undefined; validFrom: Date; validUntil: Date; status: VoucherStatus; minimumOrderValue: number | undefined; }' is not assignable to type 'VoucherEntry'.
    Types of property 'currency' are incompatible.
      Type 'string | undefined' is not assignable to type 'string'.
        Type 'undefined' is not assignable to type 'string'.
src/services/voucher.service.ts(396,5): error TS2322: Type '{ id: string; code: string; name: string; description: string | undefined; type: VoucherType; discountValue: number; maxDiscount: number | undefined; currency: string | undefined; validFrom: Date; validUntil: Date; status: VoucherStatus; minimumOrderValue: number | undefined; }[]' is not assignable to type 'VoucherEntry[]'.
  Type '{ id: string; code: string; name: string; description: string | undefined; type: VoucherType; discountValue: number; maxDiscount: number | undefined; currency: string | undefined; validFrom: Date; validUntil: Date; status: VoucherStatus; minimumOrderValue: number | undefined; }' is not assignable to type 'VoucherEntry'.
    Types of property 'currency' are incompatible.
      Type 'string | undefined' is not assignable to type 'string'.
        Type 'undefined' is not assignable to type 'string'.
src/services/vpnProxyDetection.service.ts(537,7): error TS2345: Argument of type 'number | undefined' is not assignable to parameter of type 'number'.
  Type 'undefined' is not assignable to type 'number'.
src/services/whiteLabelLicense.service.ts(905,31): error TS7053: Element implicitly has an 'any' type because expression of type 'any' can't be used to index type 'Record<LicenseTier, { monthly: number; quarterly: number; annually: number; setupFee: number; maxUsers: number; pricePerUser: number; features: string[]; }>'.
src/socket/chat.handler.ts(373,9): error TS2353: Object literal may only specify known properties, and 'bookingId' does not exist in type '{ status?: "active" | "archived" | "blocked" | undefined; type?: ChatRoomType | undefined; limit?: number | undefined; skip?: number | undefined; }'.
src/socket/chat.handler.ts(422,9): error TS2353: Object literal may only specify known properties, and 'bookingId' does not exist in type '{ status?: "active" | "archived" | "blocked" | undefined; type?: ChatRoomType | undefined; limit?: number | undefined; skip?: number | undefined; }'.
src/socket/chat.handler.ts(787,50): error TS2345: Argument of type '[any]' is not assignable to parameter of type 'Parameters<DecorateAcknowledgementsWithMultipleResponses<ChatServerToClientEvents>[T]>'.
src/socket/chat.handler.ts(801,42): error TS2345: Argument of type '[any]' is not assignable to parameter of type 'Parameters<DecorateAcknowledgementsWithMultipleResponses<ChatServerToClientEvents>[T]>'.
